// Jest Snapshot v1, https://goo.gl/fbAQLP

exports[`Input component Input it matches the snapshot 1`] = `
<div
  className="starter-input  starter-input--type-text"
>
  <label>
    <input
      onChange={[Function]}
      onKeyDown={[Function]}
      type="text"
      value=""
    />
  </label>
</div>
`;
